1755847039.389147 client started (17603): version 3.5a, socket /tmp/tmux-1000/default, protocol 8
1755847039.389169 on Linux 6.16.1-arch1-1 #1 SMP PREEMPT_DYNAMIC Fri, 15 Aug 2025 16:04:43 +0000
1755847039.389174 using libevent 2.1.12-stable poll
1755847039.389177 using ncurses 6.5 20240427
1755847039.389188 flags are 0x10010000
1755847039.389198 socket is /tmp/tmux-1000/default
1755847039.389207 trying connect
1755847039.389250 add peer 0x557add755900: 6 ((nil))
1755847039.389446 sending message 111 to peer 0x557add755900 (8 bytes)
1755847039.389453 sending message 111 to peer 0x557add755900 (8 bytes)
1755847039.389456 sending message 101 to peer 0x557add755900 (14 bytes)
1755847039.389460 sending message 109 to peer 0x557add755900 (4 bytes)
1755847039.389463 sending message 102 to peer 0x557add755900 (11 bytes)
1755847039.389466 sending message 108 to peer 0x557add755900 (18 bytes)
1755847039.389469 sending message 112 to peer 0x557add755900 (70 bytes)
1755847039.389473 sending message 112 to peer 0x557add755900 (5 bytes)
1755847039.389476 sending message 112 to peer 0x557add755900 (5 bytes)
1755847039.389480 sending message 112 to peer 0x557add755900 (6 bytes)
1755847039.389483 sending message 112 to peer 0x557add755900 (6 bytes)
1755847039.389487 sending message 112 to peer 0x557add755900 (11 bytes)
1755847039.389491 sending message 112 to peer 0x557add755900 (10 bytes)
1755847039.389494 sending message 112 to peer 0x557add755900 (13 bytes)
1755847039.389502 sending message 112 to peer 0x557add755900 (13 bytes)
1755847039.389505 sending message 112 to peer 0x557add755900 (18 bytes)
1755847039.389509 sending message 112 to peer 0x557add755900 (11 bytes)
1755847039.389515 sending message 112 to peer 0x557add755900 (10 bytes)
1755847039.389519 sending message 112 to peer 0x557add755900 (15 bytes)
1755847039.389526 sending message 112 to peer 0x557add755900 (21 bytes)
1755847039.389531 sending message 112 to peer 0x557add755900 (13 bytes)
1755847039.389538 sending message 112 to peer 0x557add755900 (7 bytes)
1755847039.389544 sending message 112 to peer 0x557add755900 (13 bytes)
1755847039.389552 sending message 112 to peer 0x557add755900 (7 bytes)
1755847039.389555 sending message 112 to peer 0x557add755900 (13 bytes)
1755847039.389559 sending message 112 to peer 0x557add755900 (9 bytes)
1755847039.389564 sending message 112 to peer 0x557add755900 (21 bytes)
1755847039.389568 sending message 112 to peer 0x557add755900 (13 bytes)
1755847039.389572 sending message 112 to peer 0x557add755900 (8 bytes)
1755847039.389580 sending message 112 to peer 0x557add755900 (12 bytes)
1755847039.389585 sending message 112 to peer 0x557add755900 (13 bytes)
1755847039.389590 sending message 112 to peer 0x557add755900 (9 bytes)
1755847039.389593 sending message 112 to peer 0x557add755900 (9 bytes)
1755847039.389599 sending message 112 to peer 0x557add755900 (12 bytes)
1755847039.389604 sending message 112 to peer 0x557add755900 (8 bytes)
1755847039.389611 sending message 112 to peer 0x557add755900 (8 bytes)
1755847039.389616 sending message 112 to peer 0x557add755900 (7 bytes)
1755847039.389624 sending message 112 to peer 0x557add755900 (7 bytes)
1755847039.389627 sending message 112 to peer 0x557add755900 (9 bytes)
1755847039.389631 sending message 112 to peer 0x557add755900 (13 bytes)
1755847039.389639 sending message 112 to peer 0x557add755900 (6 bytes)
1755847039.389644 sending message 112 to peer 0x557add755900 (9 bytes)
1755847039.389649 sending message 112 to peer 0x557add755900 (15 bytes)
1755847039.389655 sending message 112 to peer 0x557add755900 (13 bytes)
1755847039.389659 sending message 112 to peer 0x557add755900 (12 bytes)
1755847039.389666 sending message 112 to peer 0x557add755900 (8 bytes)
1755847039.389670 sending message 112 to peer 0x557add755900 (14 bytes)
1755847039.389676 sending message 112 to peer 0x557add755900 (11 bytes)
1755847039.389681 sending message 112 to peer 0x557add755900 (9 bytes)
1755847039.389689 sending message 112 to peer 0x557add755900 (10 bytes)
1755847039.389693 sending message 112 to peer 0x557add755900 (10 bytes)
1755847039.389702 sending message 112 to peer 0x557add755900 (10 bytes)
1755847039.389707 sending message 112 to peer 0x557add755900 (10 bytes)
1755847039.389710 sending message 112 to peer 0x557add755900 (11 bytes)
1755847039.389714 sending message 112 to peer 0x557add755900 (12 bytes)
1755847039.389720 sending message 112 to peer 0x557add755900 (12 bytes)
1755847039.389725 sending message 112 to peer 0x557add755900 (12 bytes)
1755847039.389732 sending message 112 to peer 0x557add755900 (12 bytes)
1755847039.389737 sending message 112 to peer 0x557add755900 (12 bytes)
1755847039.389743 sending message 112 to peer 0x557add755900 (11 bytes)
1755847039.389747 sending message 112 to peer 0x557add755900 (11 bytes)
1755847039.389754 sending message 112 to peer 0x557add755900 (12 bytes)
1755847039.389758 sending message 112 to peer 0x557add755900 (12 bytes)
1755847039.389762 sending message 112 to peer 0x557add755900 (12 bytes)
1755847039.389765 sending message 112 to peer 0x557add755900 (12 bytes)
1755847039.389772 sending message 112 to peer 0x557add755900 (12 bytes)
1755847039.389776 sending message 112 to peer 0x557add755900 (10 bytes)
1755847039.389783 sending message 112 to peer 0x557add755900 (12 bytes)
1755847039.389788 sending message 112 to peer 0x557add755900 (13 bytes)
1755847039.389795 sending message 112 to peer 0x557add755900 (13 bytes)
1755847039.389799 sending message 112 to peer 0x557add755900 (13 bytes)
1755847039.389805 sending message 112 to peer 0x557add755900 (13 bytes)
1755847039.389810 sending message 112 to peer 0x557add755900 (13 bytes)
1755847039.389814 sending message 112 to peer 0x557add755900 (8 bytes)
1755847039.389817 sending message 112 to peer 0x557add755900 (11 bytes)
1755847039.389824 sending message 112 to peer 0x557add755900 (11 bytes)
1755847039.389829 sending message 112 to peer 0x557add755900 (11 bytes)
1755847039.389835 sending message 112 to peer 0x557add755900 (12 bytes)
1755847039.389840 sending message 112 to peer 0x557add755900 (12 bytes)
1755847039.389847 sending message 112 to peer 0x557add755900 (12 bytes)
1755847039.389850 sending message 112 to peer 0x557add755900 (12 bytes)
1755847039.389855 sending message 112 to peer 0x557add755900 (13 bytes)
1755847039.389860 sending message 112 to peer 0x557add755900 (13 bytes)
1755847039.389864 sending message 112 to peer 0x557add755900 (13 bytes)
1755847039.389871 sending message 112 to peer 0x557add755900 (8 bytes)
1755847039.389876 sending message 112 to peer 0x557add755900 (13 bytes)
1755847039.389882 sending message 112 to peer 0x557add755900 (13 bytes)
1755847039.389886 sending message 112 to peer 0x557add755900 (13 bytes)
1755847039.389892 sending message 112 to peer 0x557add755900 (13 bytes)
1755847039.389897 sending message 112 to peer 0x557add755900 (13 bytes)
1755847039.389903 sending message 112 to peer 0x557add755900 (12 bytes)
1755847039.389907 sending message 112 to peer 0x557add755900 (12 bytes)
1755847039.389910 sending message 112 to peer 0x557add755900 (12 bytes)
1755847039.389915 sending message 112 to peer 0x557add755900 (12 bytes)
1755847039.389920 sending message 112 to peer 0x557add755900 (13 bytes)
1755847039.389924 sending message 112 to peer 0x557add755900 (8 bytes)
1755847039.389929 sending message 112 to peer 0x557add755900 (13 bytes)
1755847039.389934 sending message 112 to peer 0x557add755900 (13 bytes)
1755847039.389937 sending message 112 to peer 0x557add755900 (13 bytes)
1755847039.389943 sending message 112 to peer 0x557add755900 (13 bytes)
1755847039.389947 sending message 112 to peer 0x557add755900 (13 bytes)
1755847039.389954 sending message 112 to peer 0x557add755900 (13 bytes)
1755847039.389959 sending message 112 to peer 0x557add755900 (13 bytes)
1755847039.389963 sending message 112 to peer 0x557add755900 (12 bytes)
1755847039.389970 sending message 112 to peer 0x557add755900 (12 bytes)
1755847039.389973 sending message 112 to peer 0x557add755900 (12 bytes)
1755847039.389981 sending message 112 to peer 0x557add755900 (8 bytes)
1755847039.389984 sending message 112 to peer 0x557add755900 (12 bytes)
1755847039.389991 sending message 112 to peer 0x557add755900 (13 bytes)
1755847039.389996 sending message 112 to peer 0x557add755900 (13 bytes)
1755847039.390003 sending message 112 to peer 0x557add755900 (13 bytes)
1755847039.390006 sending message 112 to peer 0x557add755900 (13 bytes)
1755847039.390010 sending message 112 to peer 0x557add755900 (13 bytes)
1755847039.390016 sending message 112 to peer 0x557add755900 (13 bytes)
1755847039.390021 sending message 112 to peer 0x557add755900 (13 bytes)
1755847039.390026 sending message 112 to peer 0x557add755900 (13 bytes)
1755847039.390029 sending message 112 to peer 0x557add755900 (12 bytes)
1755847039.390033 sending message 112 to peer 0x557add755900 (10 bytes)
1755847039.390037 sending message 112 to peer 0x557add755900 (12 bytes)
1755847039.390044 sending message 112 to peer 0x557add755900 (12 bytes)
1755847039.390049 sending message 112 to peer 0x557add755900 (12 bytes)
1755847039.390056 sending message 112 to peer 0x557add755900 (13 bytes)
1755847039.390059 sending message 112 to peer 0x557add755900 (13 bytes)
1755847039.390064 sending message 112 to peer 0x557add755900 (13 bytes)
1755847039.390068 sending message 112 to peer 0x557add755900 (13 bytes)
1755847039.390073 sending message 112 to peer 0x557add755900 (13 bytes)
1755847039.390078 sending message 112 to peer 0x557add755900 (13 bytes)
1755847039.390084 sending message 112 to peer 0x557add755900 (13 bytes)
1755847039.390088 sending message 112 to peer 0x557add755900 (10 bytes)
1755847039.390093 sending message 112 to peer 0x557add755900 (13 bytes)
1755847039.390098 sending message 112 to peer 0x557add755900 (12 bytes)
1755847039.390105 sending message 112 to peer 0x557add755900 (12 bytes)
1755847039.390108 sending message 112 to peer 0x557add755900 (12 bytes)
1755847039.390113 sending message 112 to peer 0x557add755900 (10 bytes)
1755847039.390118 sending message 112 to peer 0x557add755900 (10 bytes)
1755847039.390121 sending message 112 to peer 0x557add755900 (10 bytes)
1755847039.390127 sending message 112 to peer 0x557add755900 (12 bytes)
1755847039.390131 sending message 112 to peer 0x557add755900 (13 bytes)
1755847039.390137 sending message 112 to peer 0x557add755900 (13 bytes)
1755847039.390140 sending message 112 to peer 0x557add755900 (13 bytes)
1755847039.390145 sending message 112 to peer 0x557add755900 (13 bytes)
1755847039.390149 sending message 112 to peer 0x557add755900 (13 bytes)
1755847039.390155 sending message 112 to peer 0x557add755900 (11 bytes)
1755847039.390159 sending message 112 to peer 0x557add755900 (11 bytes)
1755847039.390164 sending message 112 to peer 0x557add755900 (12 bytes)
1755847039.390167 sending message 112 to peer 0x557add755900 (12 bytes)
1755847039.390174 sending message 112 to peer 0x557add755900 (12 bytes)
1755847039.390177 sending message 112 to peer 0x557add755900 (12 bytes)
1755847039.390182 sending message 112 to peer 0x557add755900 (12 bytes)
1755847039.390185 sending message 112 to peer 0x557add755900 (11 bytes)
1755847039.390191 sending message 112 to peer 0x557add755900 (12 bytes)
1755847039.390196 sending message 112 to peer 0x557add755900 (12 bytes)
1755847039.390201 sending message 112 to peer 0x557add755900 (13 bytes)
1755847039.390204 sending message 112 to peer 0x557add755900 (13 bytes)
1755847039.390211 sending message 112 to peer 0x557add755900 (13 bytes)
1755847039.390215 sending message 112 to peer 0x557add755900 (13 bytes)
1755847039.390220 sending message 112 to peer 0x557add755900 (13 bytes)
1755847039.390223 sending message 112 to peer 0x557add755900 (10 bytes)
1755847039.390229 sending message 112 to peer 0x557add755900 (9 bytes)
1755847039.390233 sending message 112 to peer 0x557add755900 (12 bytes)
1755847039.390239 sending message 112 to peer 0x557add755900 (13 bytes)
1755847039.390243 sending message 112 to peer 0x557add755900 (13 bytes)
1755847039.390247 sending message 112 to peer 0x557add755900 (13 bytes)
1755847039.390253 sending message 112 to peer 0x557add755900 (13 bytes)
1755847039.390256 sending message 112 to peer 0x557add755900 (13 bytes)
1755847039.390268 sending message 112 to peer 0x557add755900 (9 bytes)
1755847039.390273 sending message 112 to peer 0x557add755900 (12 bytes)
1755847039.390279 sending message 112 to peer 0x557add755900 (13 bytes)
1755847039.390283 sending message 112 to peer 0x557add755900 (13 bytes)
1755847039.390288 sending message 112 to peer 0x557add755900 (13 bytes)
1755847039.390301 sending message 112 to peer 0x557add755900 (13 bytes)
1755847039.390306 sending message 112 to peer 0x557add755900 (13 bytes)
1755847039.390313 sending message 112 to peer 0x557add755900 (11 bytes)
1755847039.390316 sending message 112 to peer 0x557add755900 (12 bytes)
1755847039.390321 sending message 112 to peer 0x557add755900 (13 bytes)
1755847039.390325 sending message 112 to peer 0x557add755900 (13 bytes)
1755847039.390331 sending message 112 to peer 0x557add755900 (13 bytes)
1755847039.390335 sending message 112 to peer 0x557add755900 (13 bytes)
1755847039.390341 sending message 112 to peer 0x557add755900 (13 bytes)
1755847039.390346 sending message 112 to peer 0x557add755900 (11 bytes)
1755847039.390350 sending message 112 to peer 0x557add755900 (12 bytes)
1755847039.390355 sending message 112 to peer 0x557add755900 (12 bytes)
1755847039.390359 sending message 112 to peer 0x557add755900 (12 bytes)
1755847039.390364 sending message 112 to peer 0x557add755900 (12 bytes)
1755847039.390367 sending message 112 to peer 0x557add755900 (12 bytes)
1755847039.390371 sending message 112 to peer 0x557add755900 (21 bytes)
1755847039.390378 sending message 112 to peer 0x557add755900 (12 bytes)
1755847039.390383 sending message 112 to peer 0x557add755900 (9 bytes)
1755847039.390390 sending message 112 to peer 0x557add755900 (6 bytes)
1755847039.390394 sending message 112 to peer 0x557add755900 (13 bytes)
1755847039.390400 sending message 112 to peer 0x557add755900 (8 bytes)
1755847039.390405 sending message 112 to peer 0x557add755900 (15 bytes)
1755847039.390408 sending message 112 to peer 0x557add755900 (13 bytes)
1755847039.390414 sending message 112 to peer 0x557add755900 (9 bytes)
1755847039.390418 sending message 112 to peer 0x557add755900 (70 bytes)
1755847039.390424 sending message 112 to peer 0x557add755900 (69 bytes)
1755847039.390428 sending message 112 to peer 0x557add755900 (10 bytes)
1755847039.390433 sending message 112 to peer 0x557add755900 (10 bytes)
1755847039.390436 sending message 112 to peer 0x557add755900 (8 bytes)
1755847039.390443 sending message 112 to peer 0x557add755900 (15 bytes)
1755847039.390446 sending message 112 to peer 0x557add755900 (13 bytes)
1755847039.390451 sending message 112 to peer 0x557add755900 (10 bytes)
1755847039.390455 sending message 112 to peer 0x557add755900 (10 bytes)
1755847039.390462 sending message 112 to peer 0x557add755900 (17 bytes)
1755847039.390465 sending message 112 to peer 0x557add755900 (10 bytes)
1755847039.390470 sending message 112 to peer 0x557add755900 (13 bytes)
1755847039.390474 sending message 112 to peer 0x557add755900 (9 bytes)
1755847039.390480 sending message 112 to peer 0x557add755900 (5 bytes)
1755847039.390484 sending message 112 to peer 0x557add755900 (15 bytes)
1755847039.390490 sending message 104 to peer 0x557add755900 (0 bytes)
1755847039.390495 sending message 110 to peer 0x557add755900 (0 bytes)
1755847039.390502 sending message 107 to peer 0x557add755900 (4 bytes)
1755847039.390505 sending message 105 to peer 0x557add755900 (38 bytes)
1755847039.390510 sending message 105 to peer 0x557add755900 (55 bytes)
1755847039.390514 sending message 105 to peer 0x557add755900 (29 bytes)
1755847039.390521 sending message 105 to peer 0x557add755900 (20 bytes)
1755847039.390524 sending message 105 to peer 0x557add755900 (20 bytes)
1755847039.390531 sending message 105 to peer 0x557add755900 (54 bytes)
1755847039.390535 sending message 105 to peer 0x557add755900 (50 bytes)
1755847039.390542 sending message 105 to peer 0x557add755900 (11 bytes)
1755847039.390546 sending message 105 to peer 0x557add755900 (11 bytes)
1755847039.390551 sending message 105 to peer 0x557add755900 (35 bytes)
1755847039.390557 sending message 105 to peer 0x557add755900 (17 bytes)
1755847039.390563 sending message 105 to peer 0x557add755900 (32 bytes)
1755847039.390566 sending message 105 to peer 0x557add755900 (15 bytes)
1755847039.390573 sending message 105 to peer 0x557add755900 (15 bytes)
1755847039.390578 sending message 105 to peer 0x557add755900 (41 bytes)
1755847039.390581 sending message 105 to peer 0x557add755900 (17 bytes)
1755847039.390587 sending message 105 to peer 0x557add755900 (8 bytes)
1755847039.390591 sending message 105 to peer 0x557add755900 (12 bytes)
1755847039.390597 sending message 105 to peer 0x557add755900 (32 bytes)
1755847039.390601 sending message 105 to peer 0x557add755900 (1917 bytes)
1755847039.390612 sending message 105 to peer 0x557add755900 (25 bytes)
1755847039.390616 sending message 105 to peer 0x557add755900 (15 bytes)
1755847039.390621 sending message 105 to peer 0x557add755900 (41 bytes)
1755847039.390627 sending message 105 to peer 0x557add755900 (27 bytes)
1755847039.390630 sending message 105 to peer 0x557add755900 (25 bytes)
1755847039.390635 sending message 105 to peer 0x557add755900 (11 bytes)
1755847039.390638 sending message 105 to peer 0x557add755900 (529 bytes)
1755847039.390644 sending message 105 to peer 0x557add755900 (22 bytes)
1755847039.390649 sending message 105 to peer 0x557add755900 (19 bytes)
1755847039.390654 sending message 105 to peer 0x557add755900 (8 bytes)
1755847039.390660 sending message 105 to peer 0x557add755900 (19 bytes)
1755847039.390665 sending message 105 to peer 0x557add755900 (47 bytes)
1755847039.390669 sending message 105 to peer 0x557add755900 (19 bytes)
1755847039.390672 sending message 105 to peer 0x557add755900 (18 bytes)
1755847039.390678 sending message 105 to peer 0x557add755900 (26 bytes)
1755847039.390682 sending message 105 to peer 0x557add755900 (35 bytes)
1755847039.390690 sending message 105 to peer 0x557add755900 (13 bytes)
1755847039.390694 sending message 105 to peer 0x557add755900 (9 bytes)
1755847039.390698 sending message 105 to peer 0x557add755900 (11 bytes)
1755847039.390702 sending message 105 to peer 0x557add755900 (18 bytes)
1755847039.390708 sending message 105 to peer 0x557add755900 (13 bytes)
1755847039.390713 sending message 105 to peer 0x557add755900 (33 bytes)
1755847039.390720 sending message 105 to peer 0x557add755900 (32 bytes)
1755847039.390723 sending message 105 to peer 0x557add755900 (25 bytes)
1755847039.390729 sending message 105 to peer 0x557add755900 (34 bytes)
1755847039.390734 sending message 105 to peer 0x557add755900 (42 bytes)
1755847039.390738 sending message 105 to peer 0x557add755900 (37 bytes)
1755847039.390742 sending message 105 to peer 0x557add755900 (31 bytes)
1755847039.390747 sending message 105 to peer 0x557add755900 (15 bytes)
1755847039.390752 sending message 105 to peer 0x557add755900 (23 bytes)
1755847039.390759 sending message 105 to peer 0x557add755900 (17 bytes)
1755847039.390763 sending message 105 to peer 0x557add755900 (21 bytes)
1755847039.390767 sending message 105 to peer 0x557add755900 (11 bytes)
1755847039.390771 sending message 105 to peer 0x557add755900 (25 bytes)
1755847039.390776 sending message 105 to peer 0x557add755900 (16 bytes)
1755847039.390781 sending message 106 to peer 0x557add755900 (0 bytes)
1755847039.390814 sending message 200 to peer 0x557add755900 (4 bytes)
1755847039.390820 client loop enter
1755847039.391136 peer 0x557add755900 message 303
1755847039.391147 open write file 2 -
1755847039.391152 sending message 305 to peer 0x557add755900 (8 bytes)
1755847039.391160 write check file 2
1755847039.391221 peer 0x557add755900 message 304
1755847039.391227 write 58 to file 2
1755847039.391230 peer 0x557add755900 message 203
1755847039.391234 file 2 58 bytes left
1755847039.391246 write check file 2
1755847039.391251 client loop exit
